// Jest Snapshot v1, https://goo.gl/fbAQLP

exports[`MoviePoster renders correctly 1`] = `
<img
  className="card-img-top poster-img"
  src="https://image.tmdb.org/t/p/w500/yE5d3BUhE8hCnkMUJOo1QDoOGNz.jpg"
/>
`;
